
Takuto Kashihara@DESKTOP-FQGTN2L MINGW64 ~
$ git --version
git version 2.27.0.windows.1

Takuto Kashihara@DESKTOP-FQGTN2L MINGW64 ~
$ git config --global user.name "Takuto168"

Takuto Kashihara@DESKTOP-FQGTN2L MINGW64 ~
$ git config --global user.email tks.m8.y6@gmail.com

Takuto Kashihara@DESKTOP-FQGTN2L MINGW64 ~
$ git config --list
diff.astextplain.textconv=astextplain
filter.lfs.clean=git-lfs clean -- %f
filter.lfs.smudge=git-lfs smudge -- %f
filter.lfs.process=git-lfs filter-process
filter.lfs.required=true
http.sslbackend=openssl
http.sslcainfo=C:/Program Files/Git/mingw64/ssl/certs/ca-bundle.crt
core.autocrlf=false
core.fscache=true
core.symlinks=false
pull.rebase=false
credential.helper=manager
core.editor="C:\Users\Takuto Kashihara\AppData\Local\Programs\Microsoft VS Code\Code.exe" --wait
user.name=Takuto168
user.email=tks.m8.y6@gmail.com

Takuto Kashihara@DESKTOP-FQGTN2L MINGW64 ~
$ cd ~

Takuto Kashihara@DESKTOP-FQGTN2L MINGW64 ~
$ pwd
/c/Users/Takuto Kashihara

Takuto Kashihara@DESKTOP-FQGTN2L MINGW64 ~
$ mkdir ewait-workshop

Takuto Kashihara@DESKTOP-FQGTN2L MINGW64 ~
$ ls
'3D Objects'/
 AppData/
 Apple/
'Application Data'@
 Contacts/
 Cookies@
 Desktop/
 Documents/
 Downloads/
 eclipse/
 eclipse-workspace/
 ewait-workshop/
 Favorites/
 IntelGraphicsProfiles/
 Links/
'Local Settings'@
 MicrosoftEdgeBackups/
 Music/
'My Documents'@
 NetHood@
 NTUSER.DAT
 ntuser.dat.LOG1
 ntuser.dat.LOG2
 NTUSER.DAT{c89980de-cb48-11e9-b66d-fbad82742a56}.TM.blf
 NTUSER.DAT{c89980de-cb48-11e9-b66d-fbad82742a56}.TMContainer00000000000000000001.regtrans-ms
 NTUSER.DAT{c89980de-cb48-11e9-b66d-fbad82742a56}.TMContainer00000000000000000002.regtrans-ms
 ntuser.ini
 OneDrive/
 PicStream/
 Pictures/
 PrintHood@
 Recent@
'Saved Games'/
 Searches/
 SendTo@
 source/
 Templates@
 Videos/
'スタート メニュー'@

Takuto Kashihara@DESKTOP-FQGTN2L MINGW64 ~
$ cd ewait-workshop

Takuto Kashihara@DESKTOP-FQGTN2L MINGW64 ~/ewait-workshop
$ pwd
/c/Users/Takuto Kashihara/ewait-workshop

Takuto Kashihara@DESKTOP-FQGTN2L MINGW64 ~/ewait-workshop
$ ^C

Takuto Kashihara@DESKTOP-FQGTN2L MINGW64 ~/ewait-workshop
$ git init
Initialized empty Git repository in C:/Users/Takuto Kashihara/ewait-workshop/.git/

Takuto Kashihara@DESKTOP-FQGTN2L MINGW64 ~/ewait-workshop (master)
$ ls

Takuto Kashihara@DESKTOP-FQGTN2L MINGW64 ~/ewait-workshop (master)
$ ls -la
total 20
drwxr-xr-x 1 Takuto Kashihara 197121 0  6月 12 21:11 ./
drwxr-xr-x 1 Takuto Kashihara 197121 0  6月 12 21:07 ../
drwxr-xr-x 1 Takuto Kashihara 197121 0  6月 12 21:11 .git/

Takuto Kashihara@DESKTOP-FQGTN2L MINGW64 ~/ewait-workshop (master)
$ vi sample.md

Takuto Kashihara@DESKTOP-FQGTN2L MINGW64 ~/ewait-workshop (master)
$ vi sample.md

Takuto Kashihara@DESKTOP-FQGTN2L MINGW64 ~/ewait-workshop (master)
$ git status
On branch master

No commits yet

Untracked files:
  (use "git add <file>..." to include in what will be committed)
        sample.md

nothing added to commit but untracked files present (use "git add" to track)

Takuto Kashihara@DESKTOP-FQGTN2L MINGW64 ~/ewait-workshop (master)
$ git add .

Takuto Kashihara@DESKTOP-FQGTN2L MINGW64 ~/ewait-workshop (master)
$ git status
On branch master

No commits yet

Changes to be committed:
  (use "git rm --cached <file>..." to unstage)
        new file:   sample.md


Takuto Kashihara@DESKTOP-FQGTN2L MINGW64 ~/ewait-workshop (master)
$ git commit -m "first"
[master (root-commit) cbc5fea] first
 1 file changed, 2 insertions(+)
 create mode 100644 sample.md

Takuto Kashihara@DESKTOP-FQGTN2L MINGW64 ~/ewait-workshop (master)
$ git log
commit cbc5fea3877c4fccc3da75dce95994d179c1f273 (HEAD -> master)
Author: Takuto168 <tks.m8.y6@gmail.com>
Date:   Fri Jun 12 21:23:55 2020 +0900

    first

Takuto Kashihara@DESKTOP-FQGTN2L MINGW64 ~/ewait-workshop (master)
$ vi sample.md

Takuto Kashihara@DESKTOP-FQGTN2L MINGW64 ~/ewait-workshop (master)
$ git status
On branch master
Changes not staged for commit:
  (use "git add <file>..." to update what will be committed)
  (use "git restore <file>..." to discard changes in working directory)
        modified:   sample.md

no changes added to commit (use "git add" and/or "git commit -a")

Takuto Kashihara@DESKTOP-FQGTN2L MINGW64 ~/ewait-workshop (master)
$ git add sample.md

Takuto Kashihara@DESKTOP-FQGTN2L MINGW64 ~/ewait-workshop (master)
$ git commit -m "second"
[master 67774e3] second
 1 file changed, 4 insertions(+), 2 deletions(-)

Takuto Kashihara@DESKTOP-FQGTN2L MINGW64 ~/ewait-workshop (master)
$ git log
commit 67774e30ee5a8365f9e961e025ae1641721e8524 (HEAD -> master)
Author: Takuto168 <tks.m8.y6@gmail.com>
Date:   Fri Jun 12 21:29:17 2020 +0900

    second

commit cbc5fea3877c4fccc3da75dce95994d179c1f273
Author: Takuto168 <tks.m8.y6@gmail.com>
Date:   Fri Jun 12 21:23:55 2020 +0900

    first

Takuto Kashihara@DESKTOP-FQGTN2L MINGW64 ~/ewait-workshop (master)
$ git reset --hard HEAD~2
fatal: ambiguous argument 'HEAD~2': unknown revision or path not in the working tree.
Use '--' to separate paths from revisions, like this:
'git <command> [<revision>...] -- [<file>...]'

Takuto Kashihara@DESKTOP-FQGTN2L MINGW64 ~/ewait-workshop (master)
$ vi sample.md

Takuto Kashihara@DESKTOP-FQGTN2L MINGW64 ~/ewait-workshop (master)
$ git remote add origin https://github.com/Takuto168/ewait-workshop.git

Takuto Kashihara@DESKTOP-FQGTN2L MINGW64 ~/ewait-workshop (master)
$ git push -u origin master


                     https://github.com/
Takuto Kashihara@DESKTOP-FQGTN2L MINGW64 ~/ewait-workshop (master)
$

Takuto Kashihara@DESKTOP-FQGTN2L MINGW64 ~/ewait-workshop (master)
$

Takuto Kashihara@DESKTOP-FQGTN2L MINGW64 ~/ewait-workshop (master)
$ sample.md it remote add origin https://github.com/Takuto168/ewait-workshop.git
bash: sample.md: command not found

Takuto Kashihara@DESKTOP-FQGTN2L MINGW64 ~/ewait-workshop (master)
$ sample.md it remote add origin https://github.com/Takuto168/ewait-workshop.ggit
bash: sample.md: command not found

Takuto Kashihara@DESKTOP-FQGTN2L MINGW64 ~/ewait-workshop (master)
$ git status
On branch master
nothing to commit, working tree clean

Takuto Kashihara@DESKTOP-FQGTN2L MINGW64 ~/ewait-workshop (master)
$ git log
commit 67774e30ee5a8365f9e961e025ae1641721e8524 (HEAD -> master)
Author: Takuto168 <tks.m8.y6@gmail.com>
Date:   Fri Jun 12 21:29:17 2020 +0900

    second

commit cbc5fea3877c4fccc3da75dce95994d179c1f273
Author: Takuto168 <tks.m8.y6@gmail.com>
Date:   Fri Jun 12 21:23:55 2020 +0900

    first

Takuto Kashihara@DESKTOP-FQGTN2L MINGW64 ~/ewait-workshop (master)
$ git remote add origin https://github.com/Takuto168/ewait-workshop.git
fatal: remote origin already exists.

Takuto Kashihara@DESKTOP-FQGTN2L MINGW64 ~/ewait-workshop (master)
$ git push -u origin master

Takuto Kashihara@DESKTOP-FQGTN2L MINGW64 ~/ewait-workshop (master)
$ git status
On branch master
nothing to commit, working tree clean

Takuto Kashihara@DESKTOP-FQGTN2L MINGW64 ~/ewait-workshop (master)
$ ^C

Takuto Kashihara@DESKTOP-FQGTN2L MINGW64 ~/ewait-workshop (master)
$ ^C

Takuto Kashihara@DESKTOP-FQGTN2L MINGW64 ~/ewait-workshop (master)
$ git log
commit 67774e30ee5a8365f9e961e025ae1641721e8524 (HEAD -> master)
Author: Takuto168 <tks.m8.y6@gmail.com>
Date:   Fri Jun 12 21:29:17 2020 +0900

    second

commit cbc5fea3877c4fccc3da75dce95994d179c1f273
Author: Takuto168 <tks.m8.y6@gmail.com>
Date:   Fri Jun 12 21:23:55 2020 +0900

    first

Takuto Kashihara@DESKTOP-FQGTN2L MINGW64 ~/ewait-workshop (master)
$ ^C

Takuto Kashihara@DESKTOP-FQGTN2L MINGW64 ~/ewait-workshop (master)
$ git remote -v
origin  https://github.com/Takuto168/ewait-workshop.git (fetch)
origin  https://github.com/Takuto168/ewait-workshop.git (push)

Takuto Kashihara@DESKTOP-FQGTN2L MINGW64 ~/ewait-workshop (master)
$ ^C

Takuto Kashihara@DESKTOP-FQGTN2L MINGW64 ~/ewait-workshop (master)
$ git branch
* master

Takuto Kashihara@DESKTOP-FQGTN2L MINGW64 ~/ewait-workshop (master)
$ git push u origin masters
error: src refspec origin does not match any
error: src refspec masters does not match any
error: failed to push some refs to 'u'

Takuto Kashihara@DESKTOP-FQGTN2L MINGW64 ~/ewait-workshop (master)
$ git push -u origin masters
error: src refspec masters does not match any
error: failed to push some refs to 'https://github.com/Takuto168/ewait-workshop.git'

Takuto Kashihara@DESKTOP-FQGTN2L MINGW64 ~/ewait-workshop (master)
$ ^C

Takuto Kashihara@DESKTOP-FQGTN2L MINGW64 ~/ewait-workshop (master)
$ git pwd
git: 'pwd' is not a git command. See 'git --help'.

The most similar command is
        add

Takuto Kashihara@DESKTOP-FQGTN2L MINGW64 ~/ewait-workshop (master)
$ pwd
/c/Users/Takuto Kashihara/ewait-workshop

Takuto Kashihara@DESKTOP-FQGTN2L MINGW64 ~/ewait-workshop (master)
$ ^C

Takuto Kashihara@DESKTOP-FQGTN2L MINGW64 ~/ewait-workshop (master)
$ ls -la
total 25
drwxr-xr-x 1 Takuto Kashihara 197121  0  6月 12 21:37 ./
drwxr-xr-x 1 Takuto Kashihara 197121  0  6月 12 21:37 ../
drwxr-xr-x 1 Takuto Kashihara 197121  0  6月 12 21:57 .git/
-rw-r--r-- 1 Takuto Kashihara 197121 88  6月 12 21:37 sample.md

Takuto Kashihara@DESKTOP-FQGTN2L MINGW64 ~/ewait-workshop (master)
$ ^C

Takuto Kashihara@DESKTOP-FQGTN2L MINGW64 ~/ewait-workshop (master)
$ git push -u origin master
Enumerating objects: 6, done.
Counting objects: 100% (6/6), done.
Delta compression using up to 4 threads
Compressing objects: 100% (4/4), done.
Writing objects: 100% (6/6), 540 bytes | 41.00 KiB/s, done.
Total 6 (delta 0), reused 0 (delta 0), pack-reused 0
To https://github.com/Takuto168/ewait-workshop.git
 * [new branch]      master -> master
Branch 'master' set up to track remote branch 'master' from 'origin'.

Takuto Kashihara@DESKTOP-FQGTN2L MINGW64 ~/ewait-workshop (master)
$ git branch "hoge"

Takuto Kashihara@DESKTOP-FQGTN2L MINGW64 ~/ewait-workshop (master)
$ vi sample.md

Takuto Kashihara@DESKTOP-FQGTN2L MINGW64 ~/ewait-workshop (master)
$ git add .

Takuto Kashihara@DESKTOP-FQGTN2L MINGW64 ~/ewait-workshop (master)
$ git commit -m third
[master d2dc01c] third
 1 file changed, 1 insertion(+)

Takuto Kashihara@DESKTOP-FQGTN2L MINGW64 ~/ewait-workshop (master)
$ git checkout master
Already on 'master'
Your branch is ahead of 'origin/master' by 1 commit.
  (use "git push" to publish your local commits)

Takuto Kashihara@DESKTOP-FQGTN2L MINGW64 ~/ewait-workshop (master)
$ git checkout hoge
Switched to branch 'hoge'

Takuto Kashihara@DESKTOP-FQGTN2L MINGW64 ~/ewait-workshop (hoge)
$ vi hoge.md

Takuto Kashihara@DESKTOP-FQGTN2L MINGW64 ~/ewait-workshop (hoge)
$ git add .

Takuto Kashihara@DESKTOP-FQGTN2L MINGW64 ~/ewait-workshop (hoge)
$ git commit -m test
[hoge 6052330] test
 1 file changed, 1 insertion(+)
 create mode 100644 hoge.md

Takuto Kashihara@DESKTOP-FQGTN2L MINGW64 ~/ewait-workshop (hoge)
$ ^C

Takuto Kashihara@DESKTOP-FQGTN2L MINGW64 ~/ewait-workshop (hoge)
$ $ git push u origin masters
bash: $: command not found

Takuto Kashihara@DESKTOP-FQGTN2L MINGW64 ~/ewait-workshop (hoge)
$ $ git push u origin hoge
bash: $: command not found

Takuto Kashihara@DESKTOP-FQGTN2L MINGW64 ~/ewait-workshop (hoge)
$ git push u origin hoge
error: src refspec origin does not match any
error: failed to push some refs to 'u'

Takuto Kashihara@DESKTOP-FQGTN2L MINGW64 ~/ewait-workshop (hoge)
$ git push -u origin hoge
Enumerating objects: 4, done.
Counting objects: 100% (4/4), done.
Delta compression using up to 4 threads
Compressing objects: 100% (2/2), done.
Writing objects: 100% (3/3), 270 bytes | 13.00 KiB/s, done.
Total 3 (delta 0), reused 0 (delta 0), pack-reused 0
remote:
remote: Create a pull request for 'hoge' on GitHub by visiting:
remote:      https://github.com/Takuto168/ewait-workshop/pull/new/hoge
remote:
To https://github.com/Takuto168/ewait-workshop.git
 * [new branch]      hoge -> hoge
Branch 'hoge' set up to track remote branch 'hoge' from 'origin'.

Takuto Kashihara@DESKTOP-FQGTN2L MINGW64 ~/ewait-workshop (hoge)
$ git branch
* hoge
  master

Takuto Kashihara@DESKTOP-FQGTN2L MINGW64 ~/ewait-workshop (hoge)
$ vi sample.md

Takuto Kashihara@DESKTOP-FQGTN2L MINGW64 ~/ewait-workshop (hoge)
$ git add .

Takuto Kashihara@DESKTOP-FQGTN2L MINGW64 ~/ewait-workshop (hoge)
$ git commit -m test2
[hoge e5cc974] test2
 1 file changed, 1 insertion(+), 1 deletion(-)

Takuto Kashihara@DESKTOP-FQGTN2L MINGW64 ~/ewait-workshop (hoge)
$ git push -u origin hoge
Enumerating objects: 5, done.
Counting objects: 100% (5/5), done.
Delta compression using up to 4 threads
Compressing objects: 100% (3/3), done.
Writing objects: 100% (3/3), 296 bytes | 49.00 KiB/s, done.
Total 3 (delta 1), reused 0 (delta 0), pack-reused 0
remote: Resolving deltas: 100% (1/1), completed with 1 local object.
To https://github.com/Takuto168/ewait-workshop.git
   6052330..e5cc974  hoge -> hoge
Branch 'hoge' set up to track remote branch 'hoge' from 'origin'.

Takuto Kashihara@DESKTOP-FQGTN2L MINGW64 ~/ewait-workshop (hoge)
$ git checkout master
Switched to branch 'master'
Your branch is ahead of 'origin/master' by 1 commit.
  (use "git push" to publish your local commits)

Takuto Kashihara@DESKTOP-FQGTN2L MINGW64 ~/ewait-workshop (master)
$ git merge hoge
Auto-merging sample.md
CONFLICT (content): Merge conflict in sample.md
Automatic merge failed; fix conflicts and then commit the result.

Takuto Kashihara@DESKTOP-FQGTN2L MINGW64 ~/ewait-workshop (master|MERGING)
$ vi sample.md

Takuto Kashihara@DESKTOP-FQGTN2L MINGW64 ~/ewait-workshop (master|MERGING)
$ git push -u origin master
Enumerating objects: 5, done.
Counting objects: 100% (5/5), done.
Delta compression using up to 4 threads
Compressing objects: 100% (2/2), done.
Writing objects: 100% (3/3), 270 bytes | 90.00 KiB/s, done.
Total 3 (delta 1), reused 0 (delta 0), pack-reused 0
remote: Resolving deltas: 100% (1/1), completed with 1 local object.
To https://github.com/Takuto168/ewait-workshop.git
   67774e3..d2dc01c  master -> master
Branch 'master' set up to track remote branch 'master' from 'origin'.

Takuto Kashihara@DESKTOP-FQGTN2L MINGW64 ~/ewait-workshop (master|MERGING)
$ ^C

Takuto Kashihara@DESKTOP-FQGTN2L MINGW64 ~/ewait-workshop (master|MERGING)
$ git branch
  hoge
* master

Takuto Kashihara@DESKTOP-FQGTN2L MINGW64 ~/ewait-workshop (master|MERGING)
$ vi sample.md

Takuto Kashihara@DESKTOP-FQGTN2L MINGW64 ~/ewait-workshop (master|MERGING)
$ git add .

Takuto Kashihara@DESKTOP-FQGTN2L MINGW64 ~/ewait-workshop (master|MERGING)
$ git commit -m "fix-conflict"
[master 1427629] fix-conflict

Takuto Kashihara@DESKTOP-FQGTN2L MINGW64 ~/ewait-workshop (master)
$ git push -u origin master
Enumerating objects: 7, done.
Counting objects: 100% (7/7), done.
Delta compression using up to 4 threads
Compressing objects: 100% (3/3), done.
Writing objects: 100% (3/3), 339 bytes | 113.00 KiB/s, done.
Total 3 (delta 1), reused 0 (delta 0), pack-reused 0
remote: Resolving deltas: 100% (1/1), completed with 1 local object.
To https://github.com/Takuto168/ewait-workshop.git
   d2dc01c..1427629  master -> master
Branch 'master' set up to track remote branch 'master' from 'origin'.

Takuto Kashihara@DESKTOP-FQGTN2L MINGW64 ~/ewait-workshop (master)
$ cd ..

Takuto Kashihara@DESKTOP-FQGTN2L MINGW64 ~
$ clone https://github.com/hyperkinoko/ewa-git-workshop.git
bash: clone: command not found

Takuto Kashihara@DESKTOP-FQGTN2L MINGW64 ~
$ git clone https://github.com/hyperkinoko/ewa-git-workshop.git
Cloning into 'ewa-git-workshop'...
remote: Enumerating objects: 33, done.
remote: Counting objects: 100% (33/33), done.
remote: Compressing objects: 100% (21/21), done.
remote: Total 33 (delta 15), reused 29 (delta 11), pack-reused 0
Unpacking objects: 100% (33/33), 5.16 KiB | 3.00 KiB/s, done.

Takuto Kashihara@DESKTOP-FQGTN2L MINGW64 ~
$ cd ewa-git-workshop

Takuto Kashihara@DESKTOP-FQGTN2L MINGW64 ~/ewa-git-workshop (master)
$ git ls
git: 'ls' is not a git command. See 'git --help'.

The most similar command is
        lfs

Takuto Kashihara@DESKTOP-FQGTN2L MINGW64 ~/ewa-git-workshop (master)
$ ls
hoge.md  sample.md

Takuto Kashihara@DESKTOP-FQGTN2L MINGW64 ~/ewa-git-workshop (master)
$

